// Jest Snapshot v1, https://goo.gl/fbAQLP

exports[`<Input/> should change the input value 1`] = `
<DocumentFragment>
  <div
    class="w-full"
  >
    <label
      class="block text-sm text-slate-600 mb-2"
      for="teste"
    >
      Input Teste 
    </label>
    <input
      class=" w-full rounded-md border border-slate-400 py-2 px-4 outline-offset-0 outline-sky-500 text-sm text-slate-600 disabled:opacity-60"
      placeholder="Escreva algo"
    />
  </div>
</DocumentFragment>
`;
