// Jest Snapshot v1, https://goo.gl/fbAQLP

exports[`<TextTitle /> should render correctly component 1`] = `
<DocumentFragment>
  <h2
    class="sc-braxZu gtdyaj"
  >
    Teste
  </h2>
</DocumentFragment>
`;
