// Jest Snapshot v1, https://goo.gl/fbAQLP

exports[`<Badge /> should render correctly status active 1`] = `
<DocumentFragment>
  <div
    class="bg-emerald-400 text-black font-medium rounded-xl text-center text-xs px-3 py-1.5 w-fit"
    data-testid="badge-container"
  >
    <span
      class="capitalize"
    >
      ativo
    </span>
  </div>
</DocumentFragment>
`;
