// Jest Snapshot v1, https://goo.gl/fbAQLP

exports[`<HeaderActions/> should render correctly component 1`] = `
<DocumentFragment>
  <button
    class="bg-red-600 outline-red-500 hover:bg-red-500 disabled:bg-red-700 rounded-lg py-2.5 px-3 font-medium text-sm text-white flex gap-2 items-center justify-center"
    data-testid="btn-cancel"
    type="button"
  >
    <svg
      class="size-5"
      fill="currentColor"
      height="1em"
      viewBox="0 0 256 256"
      width="1em"
      xmlns="http://www.w3.org/2000/svg"
    >
      <path
        d="M208.49,191.51a12,12,0,0,1-17,17L128,145,64.49,208.49a12,12,0,0,1-17-17L111,128,47.51,64.49a12,12,0,0,1,17-17L128,111l63.51-63.52a12,12,0,0,1,17,17L145,128Z"
      />
    </svg>
    cancelar
  </button>
  <button
    class="bg-sky-600 outline-sky-500 hover:bg-sky-500 disabled:bg-sky-700 rounded-lg py-2.5 px-3 font-medium text-sm text-white flex gap-2 items-center justify-center min-w-[100px]"
    data-testid="btn-saved"
    type="submit"
  >
    <svg
      class="size-5"
      data-testid="icon-check"
      fill="currentColor"
      height="1em"
      viewBox="0 0 256 256"
      width="1em"
      xmlns="http://www.w3.org/2000/svg"
    >
      <path
        d="M232.49,80.49l-128,128a12,12,0,0,1-17,0l-56-56a12,12,0,1,1,17-17L96,183,215.51,63.51a12,12,0,0,1,17,17Z"
      />
    </svg>
    salvar
  </button>
</DocumentFragment>
`;
